---
http_interactions:
- request:
    method: get
    uri: https://apikey:3adb32be9b6ade5b0b6b8fc53dcfd821-us13@us13.api.mailchimp.com/3.0/lists/02526043d1/members
    body:
      encoding: US-ASCII
      string: ''
    headers:
      User-Agent:
      - Faraday v0.9.2
      Content-Type:
      - application/json
      Accept-Encoding:
      - gzip;q=1.0,deflate;q=0.6,identity;q=0.3
      Accept:
      - "*/*"
  response:
    status:
      code: 200
      message: OK
    headers:
      Server:
      - nginx
      Content-Type:
      - application/json; charset=utf-8
      X-Request-Id:
      - 96986850-388d-4bd2-a28c-4e32704daa38
      Link:
      - <https://us13.api.mailchimp.com/schema/3.0/Lists/Members/Collection.json>;
        rel="describedBy"
      Vary:
      - Accept-Encoding
      Content-Length:
      - '10045'
      Date:
      - Thu, 17 Mar 2016 23:37:37 GMT
      Connection:
      - keep-alive
    body:
      encoding: UTF-8
      string: '{"members":[{"id":"b642b4217b34b1e8d3bd915fc65c4452","email_address":"test@test.com","unique_email_id":"60f1005b76","email_type":"html","status":"unsubscribed","merge_fields":{"FNAME":"","LNAME":""},"stats":{"avg_open_rate":0,"avg_click_rate":0},"ip_signup":"","timestamp_signup":"","ip_opt":"24.61.11.37","timestamp_opt":"2016-03-17
        23:03:41","member_rating":2,"last_changed":"2016-03-17 23:04:43","language":"","vip":false,"email_client":"","location":{"latitude":0,"longitude":0,"gmtoff":0,"dstoff":0,"country_code":"","timezone":""},"list_id":"02526043d1","_links":[{"rel":"self","href":"https://us13.api.mailchimp.com/3.0/lists/02526043d1/members/b642b4217b34b1e8d3bd915fc65c4452","method":"GET","targetSchema":"https://us13.api.mailchimp.com/schema/3.0/Lists/Members/Instance.json"},{"rel":"parent","href":"https://us13.api.mailchimp.com/3.0/lists/02526043d1/members","method":"GET","targetSchema":"https://us13.api.mailchimp.com/schema/3.0/Lists/Members/Collection.json","schema":"https://us13.api.mailchimp.com/schema/3.0/CollectionLinks/Lists/Members.json"},{"rel":"update","href":"https://us13.api.mailchimp.com/3.0/lists/02526043d1/members/b642b4217b34b1e8d3bd915fc65c4452","method":"PATCH","schema":"https://us13.api.mailchimp.com/schema/3.0/Lists/Members/Instance.json"},{"rel":"upsert","href":"https://us13.api.mailchimp.com/3.0/lists/02526043d1/members/b642b4217b34b1e8d3bd915fc65c4452","method":"PUT","schema":"https://us13.api.mailchimp.com/schema/3.0/Lists/Members/Instance.json"},{"rel":"delete","href":"https://us13.api.mailchimp.com/3.0/lists/02526043d1/members/b642b4217b34b1e8d3bd915fc65c4452","method":"DELETE"},{"rel":"activity","href":"https://us13.api.mailchimp.com/3.0/lists/02526043d1/members/b642b4217b34b1e8d3bd915fc65c4452/activity","method":"GET","targetSchema":"https://us13.api.mailchimp.com/schema/3.0/Lists/Members/Activity/Collection.json"},{"rel":"goals","href":"https://us13.api.mailchimp.com/3.0/lists/02526043d1/members/b642b4217b34b1e8d3bd915fc65c4452/goals","method":"GET","targetSchema":"https://us13.api.mailchimp.com/schema/3.0/Lists/Members/Goals/Collection.json"},{"rel":"notes","href":"https://us13.api.mailchimp.com/3.0/lists/02526043d1/members/b642b4217b34b1e8d3bd915fc65c4452/notes","method":"GET","targetSchema":"https://us13.api.mailchimp.com/schema/3.0/Lists/Members/Notes/Collection.json"}]},{"id":"f2c97b1f2d2898cd2d6466ce95d4ba33","email_address":"test2@test.com","unique_email_id":"13328352b5","email_type":"html","status":"unsubscribed","merge_fields":{"FNAME":"","LNAME":""},"stats":{"avg_open_rate":0,"avg_click_rate":0},"ip_signup":"","timestamp_signup":"","ip_opt":"24.61.11.37","timestamp_opt":"2016-03-17
        23:10:03","member_rating":2,"last_changed":"2016-03-17 23:12:47","language":"","vip":false,"email_client":"","location":{"latitude":0,"longitude":0,"gmtoff":0,"dstoff":0,"country_code":"","timezone":""},"list_id":"02526043d1","_links":[{"rel":"self","href":"https://us13.api.mailchimp.com/3.0/lists/02526043d1/members/f2c97b1f2d2898cd2d6466ce95d4ba33","method":"GET","targetSchema":"https://us13.api.mailchimp.com/schema/3.0/Lists/Members/Instance.json"},{"rel":"parent","href":"https://us13.api.mailchimp.com/3.0/lists/02526043d1/members","method":"GET","targetSchema":"https://us13.api.mailchimp.com/schema/3.0/Lists/Members/Collection.json","schema":"https://us13.api.mailchimp.com/schema/3.0/CollectionLinks/Lists/Members.json"},{"rel":"update","href":"https://us13.api.mailchimp.com/3.0/lists/02526043d1/members/f2c97b1f2d2898cd2d6466ce95d4ba33","method":"PATCH","schema":"https://us13.api.mailchimp.com/schema/3.0/Lists/Members/Instance.json"},{"rel":"upsert","href":"https://us13.api.mailchimp.com/3.0/lists/02526043d1/members/f2c97b1f2d2898cd2d6466ce95d4ba33","method":"PUT","schema":"https://us13.api.mailchimp.com/schema/3.0/Lists/Members/Instance.json"},{"rel":"delete","href":"https://us13.api.mailchimp.com/3.0/lists/02526043d1/members/f2c97b1f2d2898cd2d6466ce95d4ba33","method":"DELETE"},{"rel":"activity","href":"https://us13.api.mailchimp.com/3.0/lists/02526043d1/members/f2c97b1f2d2898cd2d6466ce95d4ba33/activity","method":"GET","targetSchema":"https://us13.api.mailchimp.com/schema/3.0/Lists/Members/Activity/Collection.json"},{"rel":"goals","href":"https://us13.api.mailchimp.com/3.0/lists/02526043d1/members/f2c97b1f2d2898cd2d6466ce95d4ba33/goals","method":"GET","targetSchema":"https://us13.api.mailchimp.com/schema/3.0/Lists/Members/Goals/Collection.json"},{"rel":"notes","href":"https://us13.api.mailchimp.com/3.0/lists/02526043d1/members/f2c97b1f2d2898cd2d6466ce95d4ba33/notes","method":"GET","targetSchema":"https://us13.api.mailchimp.com/schema/3.0/Lists/Members/Notes/Collection.json"}]},{"id":"59c02e9fd89cfb6fa54b67e846d0631b","email_address":"test3@test.com","unique_email_id":"59e937d5a8","email_type":"html","status":"unsubscribed","merge_fields":{"FNAME":"","LNAME":""},"stats":{"avg_open_rate":0,"avg_click_rate":0},"ip_signup":"","timestamp_signup":"","ip_opt":"24.61.11.37","timestamp_opt":"2016-03-17
        23:14:29","member_rating":2,"last_changed":"2016-03-17 23:16:42","language":"","vip":false,"email_client":"","location":{"latitude":0,"longitude":0,"gmtoff":0,"dstoff":0,"country_code":"","timezone":""},"list_id":"02526043d1","_links":[{"rel":"self","href":"https://us13.api.mailchimp.com/3.0/lists/02526043d1/members/59c02e9fd89cfb6fa54b67e846d0631b","method":"GET","targetSchema":"https://us13.api.mailchimp.com/schema/3.0/Lists/Members/Instance.json"},{"rel":"parent","href":"https://us13.api.mailchimp.com/3.0/lists/02526043d1/members","method":"GET","targetSchema":"https://us13.api.mailchimp.com/schema/3.0/Lists/Members/Collection.json","schema":"https://us13.api.mailchimp.com/schema/3.0/CollectionLinks/Lists/Members.json"},{"rel":"update","href":"https://us13.api.mailchimp.com/3.0/lists/02526043d1/members/59c02e9fd89cfb6fa54b67e846d0631b","method":"PATCH","schema":"https://us13.api.mailchimp.com/schema/3.0/Lists/Members/Instance.json"},{"rel":"upsert","href":"https://us13.api.mailchimp.com/3.0/lists/02526043d1/members/59c02e9fd89cfb6fa54b67e846d0631b","method":"PUT","schema":"https://us13.api.mailchimp.com/schema/3.0/Lists/Members/Instance.json"},{"rel":"delete","href":"https://us13.api.mailchimp.com/3.0/lists/02526043d1/members/59c02e9fd89cfb6fa54b67e846d0631b","method":"DELETE"},{"rel":"activity","href":"https://us13.api.mailchimp.com/3.0/lists/02526043d1/members/59c02e9fd89cfb6fa54b67e846d0631b/activity","method":"GET","targetSchema":"https://us13.api.mailchimp.com/schema/3.0/Lists/Members/Activity/Collection.json"},{"rel":"goals","href":"https://us13.api.mailchimp.com/3.0/lists/02526043d1/members/59c02e9fd89cfb6fa54b67e846d0631b/goals","method":"GET","targetSchema":"https://us13.api.mailchimp.com/schema/3.0/Lists/Members/Goals/Collection.json"},{"rel":"notes","href":"https://us13.api.mailchimp.com/3.0/lists/02526043d1/members/59c02e9fd89cfb6fa54b67e846d0631b/notes","method":"GET","targetSchema":"https://us13.api.mailchimp.com/schema/3.0/Lists/Members/Notes/Collection.json"}]},{"id":"33ead0fffce3518ee97d59348a3708af","email_address":"test4@test.com","unique_email_id":"640d65f8a9","email_type":"html","status":"unsubscribed","merge_fields":{"FNAME":"","LNAME":""},"stats":{"avg_open_rate":0,"avg_click_rate":0},"ip_signup":"","timestamp_signup":"","ip_opt":"24.61.11.37","timestamp_opt":"2016-03-17
        23:22:47","member_rating":2,"last_changed":"2016-03-17 23:23:14","language":"","vip":false,"email_client":"","location":{"latitude":0,"longitude":0,"gmtoff":0,"dstoff":0,"country_code":"","timezone":""},"list_id":"02526043d1","_links":[{"rel":"self","href":"https://us13.api.mailchimp.com/3.0/lists/02526043d1/members/33ead0fffce3518ee97d59348a3708af","method":"GET","targetSchema":"https://us13.api.mailchimp.com/schema/3.0/Lists/Members/Instance.json"},{"rel":"parent","href":"https://us13.api.mailchimp.com/3.0/lists/02526043d1/members","method":"GET","targetSchema":"https://us13.api.mailchimp.com/schema/3.0/Lists/Members/Collection.json","schema":"https://us13.api.mailchimp.com/schema/3.0/CollectionLinks/Lists/Members.json"},{"rel":"update","href":"https://us13.api.mailchimp.com/3.0/lists/02526043d1/members/33ead0fffce3518ee97d59348a3708af","method":"PATCH","schema":"https://us13.api.mailchimp.com/schema/3.0/Lists/Members/Instance.json"},{"rel":"upsert","href":"https://us13.api.mailchimp.com/3.0/lists/02526043d1/members/33ead0fffce3518ee97d59348a3708af","method":"PUT","schema":"https://us13.api.mailchimp.com/schema/3.0/Lists/Members/Instance.json"},{"rel":"delete","href":"https://us13.api.mailchimp.com/3.0/lists/02526043d1/members/33ead0fffce3518ee97d59348a3708af","method":"DELETE"},{"rel":"activity","href":"https://us13.api.mailchimp.com/3.0/lists/02526043d1/members/33ead0fffce3518ee97d59348a3708af/activity","method":"GET","targetSchema":"https://us13.api.mailchimp.com/schema/3.0/Lists/Members/Activity/Collection.json"},{"rel":"goals","href":"https://us13.api.mailchimp.com/3.0/lists/02526043d1/members/33ead0fffce3518ee97d59348a3708af/goals","method":"GET","targetSchema":"https://us13.api.mailchimp.com/schema/3.0/Lists/Members/Goals/Collection.json"},{"rel":"notes","href":"https://us13.api.mailchimp.com/3.0/lists/02526043d1/members/33ead0fffce3518ee97d59348a3708af/notes","method":"GET","targetSchema":"https://us13.api.mailchimp.com/schema/3.0/Lists/Members/Notes/Collection.json"}]}],"list_id":"02526043d1","_links":[{"rel":"self","href":"https://us13.api.mailchimp.com/3.0/lists/02526043d1/members","method":"GET","targetSchema":"https://us13.api.mailchimp.com/schema/3.0/Lists/Members/Collection.json","schema":"https://us13.api.mailchimp.com/schema/3.0/CollectionLinks/Lists/Members.json"},{"rel":"parent","href":"https://us13.api.mailchimp.com/3.0/lists/02526043d1","method":"GET","targetSchema":"https://us13.api.mailchimp.com/schema/3.0/Lists/Instance.json"},{"rel":"create","href":"https://us13.api.mailchimp.com/3.0/lists/02526043d1/members","method":"POST","schema":"https://us13.api.mailchimp.com/schema/3.0/Lists/Members/Instance.json"}],"total_items":4}'
    http_version: 
  recorded_at: Thu, 17 Mar 2016 23:37:37 GMT
- request:
    method: get
    uri: https://apikey:3adb32be9b6ade5b0b6b8fc53dcfd821-us13@us13.api.mailchimp.com/3.0/lists/02526043d1/members
    body:
      encoding: US-ASCII
      string: ''
    headers:
      User-Agent:
      - Faraday v0.9.2
      Content-Type:
      - application/json
      Accept-Encoding:
      - gzip;q=1.0,deflate;q=0.6,identity;q=0.3
      Accept:
      - "*/*"
  response:
    status:
      code: 200
      message: OK
    headers:
      Server:
      - nginx
      Content-Type:
      - application/json; charset=utf-8
      X-Request-Id:
      - c1df3bcc-2601-4ede-8693-86826c6a3c7f
      Link:
      - <https://us13.api.mailchimp.com/schema/3.0/Lists/Members/Collection.json>;
        rel="describedBy"
      Vary:
      - Accept-Encoding
      Content-Length:
      - '10045'
      Date:
      - Thu, 17 Mar 2016 23:37:38 GMT
      Connection:
      - keep-alive
    body:
      encoding: UTF-8
      string: '{"members":[{"id":"b642b4217b34b1e8d3bd915fc65c4452","email_address":"test@test.com","unique_email_id":"60f1005b76","email_type":"html","status":"unsubscribed","merge_fields":{"FNAME":"","LNAME":""},"stats":{"avg_open_rate":0,"avg_click_rate":0},"ip_signup":"","timestamp_signup":"","ip_opt":"24.61.11.37","timestamp_opt":"2016-03-17
        23:03:41","member_rating":2,"last_changed":"2016-03-17 23:04:43","language":"","vip":false,"email_client":"","location":{"latitude":0,"longitude":0,"gmtoff":0,"dstoff":0,"country_code":"","timezone":""},"list_id":"02526043d1","_links":[{"rel":"self","href":"https://us13.api.mailchimp.com/3.0/lists/02526043d1/members/b642b4217b34b1e8d3bd915fc65c4452","method":"GET","targetSchema":"https://us13.api.mailchimp.com/schema/3.0/Lists/Members/Instance.json"},{"rel":"parent","href":"https://us13.api.mailchimp.com/3.0/lists/02526043d1/members","method":"GET","targetSchema":"https://us13.api.mailchimp.com/schema/3.0/Lists/Members/Collection.json","schema":"https://us13.api.mailchimp.com/schema/3.0/CollectionLinks/Lists/Members.json"},{"rel":"update","href":"https://us13.api.mailchimp.com/3.0/lists/02526043d1/members/b642b4217b34b1e8d3bd915fc65c4452","method":"PATCH","schema":"https://us13.api.mailchimp.com/schema/3.0/Lists/Members/Instance.json"},{"rel":"upsert","href":"https://us13.api.mailchimp.com/3.0/lists/02526043d1/members/b642b4217b34b1e8d3bd915fc65c4452","method":"PUT","schema":"https://us13.api.mailchimp.com/schema/3.0/Lists/Members/Instance.json"},{"rel":"delete","href":"https://us13.api.mailchimp.com/3.0/lists/02526043d1/members/b642b4217b34b1e8d3bd915fc65c4452","method":"DELETE"},{"rel":"activity","href":"https://us13.api.mailchimp.com/3.0/lists/02526043d1/members/b642b4217b34b1e8d3bd915fc65c4452/activity","method":"GET","targetSchema":"https://us13.api.mailchimp.com/schema/3.0/Lists/Members/Activity/Collection.json"},{"rel":"goals","href":"https://us13.api.mailchimp.com/3.0/lists/02526043d1/members/b642b4217b34b1e8d3bd915fc65c4452/goals","method":"GET","targetSchema":"https://us13.api.mailchimp.com/schema/3.0/Lists/Members/Goals/Collection.json"},{"rel":"notes","href":"https://us13.api.mailchimp.com/3.0/lists/02526043d1/members/b642b4217b34b1e8d3bd915fc65c4452/notes","method":"GET","targetSchema":"https://us13.api.mailchimp.com/schema/3.0/Lists/Members/Notes/Collection.json"}]},{"id":"f2c97b1f2d2898cd2d6466ce95d4ba33","email_address":"test2@test.com","unique_email_id":"13328352b5","email_type":"html","status":"unsubscribed","merge_fields":{"FNAME":"","LNAME":""},"stats":{"avg_open_rate":0,"avg_click_rate":0},"ip_signup":"","timestamp_signup":"","ip_opt":"24.61.11.37","timestamp_opt":"2016-03-17
        23:10:03","member_rating":2,"last_changed":"2016-03-17 23:12:47","language":"","vip":false,"email_client":"","location":{"latitude":0,"longitude":0,"gmtoff":0,"dstoff":0,"country_code":"","timezone":""},"list_id":"02526043d1","_links":[{"rel":"self","href":"https://us13.api.mailchimp.com/3.0/lists/02526043d1/members/f2c97b1f2d2898cd2d6466ce95d4ba33","method":"GET","targetSchema":"https://us13.api.mailchimp.com/schema/3.0/Lists/Members/Instance.json"},{"rel":"parent","href":"https://us13.api.mailchimp.com/3.0/lists/02526043d1/members","method":"GET","targetSchema":"https://us13.api.mailchimp.com/schema/3.0/Lists/Members/Collection.json","schema":"https://us13.api.mailchimp.com/schema/3.0/CollectionLinks/Lists/Members.json"},{"rel":"update","href":"https://us13.api.mailchimp.com/3.0/lists/02526043d1/members/f2c97b1f2d2898cd2d6466ce95d4ba33","method":"PATCH","schema":"https://us13.api.mailchimp.com/schema/3.0/Lists/Members/Instance.json"},{"rel":"upsert","href":"https://us13.api.mailchimp.com/3.0/lists/02526043d1/members/f2c97b1f2d2898cd2d6466ce95d4ba33","method":"PUT","schema":"https://us13.api.mailchimp.com/schema/3.0/Lists/Members/Instance.json"},{"rel":"delete","href":"https://us13.api.mailchimp.com/3.0/lists/02526043d1/members/f2c97b1f2d2898cd2d6466ce95d4ba33","method":"DELETE"},{"rel":"activity","href":"https://us13.api.mailchimp.com/3.0/lists/02526043d1/members/f2c97b1f2d2898cd2d6466ce95d4ba33/activity","method":"GET","targetSchema":"https://us13.api.mailchimp.com/schema/3.0/Lists/Members/Activity/Collection.json"},{"rel":"goals","href":"https://us13.api.mailchimp.com/3.0/lists/02526043d1/members/f2c97b1f2d2898cd2d6466ce95d4ba33/goals","method":"GET","targetSchema":"https://us13.api.mailchimp.com/schema/3.0/Lists/Members/Goals/Collection.json"},{"rel":"notes","href":"https://us13.api.mailchimp.com/3.0/lists/02526043d1/members/f2c97b1f2d2898cd2d6466ce95d4ba33/notes","method":"GET","targetSchema":"https://us13.api.mailchimp.com/schema/3.0/Lists/Members/Notes/Collection.json"}]},{"id":"59c02e9fd89cfb6fa54b67e846d0631b","email_address":"test3@test.com","unique_email_id":"59e937d5a8","email_type":"html","status":"unsubscribed","merge_fields":{"FNAME":"","LNAME":""},"stats":{"avg_open_rate":0,"avg_click_rate":0},"ip_signup":"","timestamp_signup":"","ip_opt":"24.61.11.37","timestamp_opt":"2016-03-17
        23:14:29","member_rating":2,"last_changed":"2016-03-17 23:16:42","language":"","vip":false,"email_client":"","location":{"latitude":0,"longitude":0,"gmtoff":0,"dstoff":0,"country_code":"","timezone":""},"list_id":"02526043d1","_links":[{"rel":"self","href":"https://us13.api.mailchimp.com/3.0/lists/02526043d1/members/59c02e9fd89cfb6fa54b67e846d0631b","method":"GET","targetSchema":"https://us13.api.mailchimp.com/schema/3.0/Lists/Members/Instance.json"},{"rel":"parent","href":"https://us13.api.mailchimp.com/3.0/lists/02526043d1/members","method":"GET","targetSchema":"https://us13.api.mailchimp.com/schema/3.0/Lists/Members/Collection.json","schema":"https://us13.api.mailchimp.com/schema/3.0/CollectionLinks/Lists/Members.json"},{"rel":"update","href":"https://us13.api.mailchimp.com/3.0/lists/02526043d1/members/59c02e9fd89cfb6fa54b67e846d0631b","method":"PATCH","schema":"https://us13.api.mailchimp.com/schema/3.0/Lists/Members/Instance.json"},{"rel":"upsert","href":"https://us13.api.mailchimp.com/3.0/lists/02526043d1/members/59c02e9fd89cfb6fa54b67e846d0631b","method":"PUT","schema":"https://us13.api.mailchimp.com/schema/3.0/Lists/Members/Instance.json"},{"rel":"delete","href":"https://us13.api.mailchimp.com/3.0/lists/02526043d1/members/59c02e9fd89cfb6fa54b67e846d0631b","method":"DELETE"},{"rel":"activity","href":"https://us13.api.mailchimp.com/3.0/lists/02526043d1/members/59c02e9fd89cfb6fa54b67e846d0631b/activity","method":"GET","targetSchema":"https://us13.api.mailchimp.com/schema/3.0/Lists/Members/Activity/Collection.json"},{"rel":"goals","href":"https://us13.api.mailchimp.com/3.0/lists/02526043d1/members/59c02e9fd89cfb6fa54b67e846d0631b/goals","method":"GET","targetSchema":"https://us13.api.mailchimp.com/schema/3.0/Lists/Members/Goals/Collection.json"},{"rel":"notes","href":"https://us13.api.mailchimp.com/3.0/lists/02526043d1/members/59c02e9fd89cfb6fa54b67e846d0631b/notes","method":"GET","targetSchema":"https://us13.api.mailchimp.com/schema/3.0/Lists/Members/Notes/Collection.json"}]},{"id":"33ead0fffce3518ee97d59348a3708af","email_address":"test4@test.com","unique_email_id":"640d65f8a9","email_type":"html","status":"unsubscribed","merge_fields":{"FNAME":"","LNAME":""},"stats":{"avg_open_rate":0,"avg_click_rate":0},"ip_signup":"","timestamp_signup":"","ip_opt":"24.61.11.37","timestamp_opt":"2016-03-17
        23:22:47","member_rating":2,"last_changed":"2016-03-17 23:23:14","language":"","vip":false,"email_client":"","location":{"latitude":0,"longitude":0,"gmtoff":0,"dstoff":0,"country_code":"","timezone":""},"list_id":"02526043d1","_links":[{"rel":"self","href":"https://us13.api.mailchimp.com/3.0/lists/02526043d1/members/33ead0fffce3518ee97d59348a3708af","method":"GET","targetSchema":"https://us13.api.mailchimp.com/schema/3.0/Lists/Members/Instance.json"},{"rel":"parent","href":"https://us13.api.mailchimp.com/3.0/lists/02526043d1/members","method":"GET","targetSchema":"https://us13.api.mailchimp.com/schema/3.0/Lists/Members/Collection.json","schema":"https://us13.api.mailchimp.com/schema/3.0/CollectionLinks/Lists/Members.json"},{"rel":"update","href":"https://us13.api.mailchimp.com/3.0/lists/02526043d1/members/33ead0fffce3518ee97d59348a3708af","method":"PATCH","schema":"https://us13.api.mailchimp.com/schema/3.0/Lists/Members/Instance.json"},{"rel":"upsert","href":"https://us13.api.mailchimp.com/3.0/lists/02526043d1/members/33ead0fffce3518ee97d59348a3708af","method":"PUT","schema":"https://us13.api.mailchimp.com/schema/3.0/Lists/Members/Instance.json"},{"rel":"delete","href":"https://us13.api.mailchimp.com/3.0/lists/02526043d1/members/33ead0fffce3518ee97d59348a3708af","method":"DELETE"},{"rel":"activity","href":"https://us13.api.mailchimp.com/3.0/lists/02526043d1/members/33ead0fffce3518ee97d59348a3708af/activity","method":"GET","targetSchema":"https://us13.api.mailchimp.com/schema/3.0/Lists/Members/Activity/Collection.json"},{"rel":"goals","href":"https://us13.api.mailchimp.com/3.0/lists/02526043d1/members/33ead0fffce3518ee97d59348a3708af/goals","method":"GET","targetSchema":"https://us13.api.mailchimp.com/schema/3.0/Lists/Members/Goals/Collection.json"},{"rel":"notes","href":"https://us13.api.mailchimp.com/3.0/lists/02526043d1/members/33ead0fffce3518ee97d59348a3708af/notes","method":"GET","targetSchema":"https://us13.api.mailchimp.com/schema/3.0/Lists/Members/Notes/Collection.json"}]}],"list_id":"02526043d1","_links":[{"rel":"self","href":"https://us13.api.mailchimp.com/3.0/lists/02526043d1/members","method":"GET","targetSchema":"https://us13.api.mailchimp.com/schema/3.0/Lists/Members/Collection.json","schema":"https://us13.api.mailchimp.com/schema/3.0/CollectionLinks/Lists/Members.json"},{"rel":"parent","href":"https://us13.api.mailchimp.com/3.0/lists/02526043d1","method":"GET","targetSchema":"https://us13.api.mailchimp.com/schema/3.0/Lists/Instance.json"},{"rel":"create","href":"https://us13.api.mailchimp.com/3.0/lists/02526043d1/members","method":"POST","schema":"https://us13.api.mailchimp.com/schema/3.0/Lists/Members/Instance.json"}],"total_items":4}'
    http_version: 
  recorded_at: Thu, 17 Mar 2016 23:37:38 GMT
- request:
    method: post
    uri: https://apikey:3adb32be9b6ade5b0b6b8fc53dcfd821-us13@us13.api.mailchimp.com/3.0/lists/02526043d1/members
    body:
      encoding: UTF-8
      string: '{"email_address":"contact1@test.com","status":"subscribed"}'
    headers:
      User-Agent:
      - Faraday v0.9.2
      Content-Type:
      - application/json
      Accept-Encoding:
      - gzip;q=1.0,deflate;q=0.6,identity;q=0.3
      Accept:
      - "*/*"
  response:
    status:
      code: 200
      message: OK
    headers:
      Server:
      - nginx
      Content-Type:
      - application/json; charset=utf-8
      X-Request-Id:
      - ad4c9842-dbac-44a6-a53e-6501fb45dd0b
      Link:
      - <https://us13.api.mailchimp.com/schema/3.0/Lists/Members/Instance.json>; rel="describedBy",
        <https://us13.admin.mailchimp.com/lists/members/view?id=37801377>; rel="dashboard"
      Vary:
      - Accept-Encoding
      Content-Length:
      - '2338'
      Date:
      - Thu, 17 Mar 2016 23:40:19 GMT
      Connection:
      - keep-alive
    body:
      encoding: UTF-8
      string: '{"id":"5268a582d75969ef479bdc61697ee04d","email_address":"contact1@test.com","unique_email_id":"1250cf46d2","email_type":"html","status":"subscribed","merge_fields":{"FNAME":"","LNAME":""},"stats":{"avg_open_rate":0,"avg_click_rate":0},"ip_signup":"","timestamp_signup":"","ip_opt":"24.61.11.37","timestamp_opt":"2016-03-17
        23:40:19","member_rating":2,"last_changed":"2016-03-17 23:40:19","language":"","vip":false,"email_client":"","location":{"latitude":0,"longitude":0,"gmtoff":0,"dstoff":0,"country_code":"","timezone":""},"list_id":"02526043d1","_links":[{"rel":"self","href":"https://us13.api.mailchimp.com/3.0/lists/02526043d1/members/5268a582d75969ef479bdc61697ee04d","method":"GET","targetSchema":"https://us13.api.mailchimp.com/schema/3.0/Lists/Members/Instance.json"},{"rel":"parent","href":"https://us13.api.mailchimp.com/3.0/lists/02526043d1/members","method":"GET","targetSchema":"https://us13.api.mailchimp.com/schema/3.0/Lists/Members/Collection.json","schema":"https://us13.api.mailchimp.com/schema/3.0/CollectionLinks/Lists/Members.json"},{"rel":"update","href":"https://us13.api.mailchimp.com/3.0/lists/02526043d1/members/5268a582d75969ef479bdc61697ee04d","method":"PATCH","schema":"https://us13.api.mailchimp.com/schema/3.0/Lists/Members/Instance.json"},{"rel":"upsert","href":"https://us13.api.mailchimp.com/3.0/lists/02526043d1/members/5268a582d75969ef479bdc61697ee04d","method":"PUT","schema":"https://us13.api.mailchimp.com/schema/3.0/Lists/Members/Instance.json"},{"rel":"delete","href":"https://us13.api.mailchimp.com/3.0/lists/02526043d1/members/5268a582d75969ef479bdc61697ee04d","method":"DELETE"},{"rel":"activity","href":"https://us13.api.mailchimp.com/3.0/lists/02526043d1/members/5268a582d75969ef479bdc61697ee04d/activity","method":"GET","targetSchema":"https://us13.api.mailchimp.com/schema/3.0/Lists/Members/Activity/Collection.json"},{"rel":"goals","href":"https://us13.api.mailchimp.com/3.0/lists/02526043d1/members/5268a582d75969ef479bdc61697ee04d/goals","method":"GET","targetSchema":"https://us13.api.mailchimp.com/schema/3.0/Lists/Members/Goals/Collection.json"},{"rel":"notes","href":"https://us13.api.mailchimp.com/3.0/lists/02526043d1/members/5268a582d75969ef479bdc61697ee04d/notes","method":"GET","targetSchema":"https://us13.api.mailchimp.com/schema/3.0/Lists/Members/Notes/Collection.json"}]}'
    http_version: 
  recorded_at: Thu, 17 Mar 2016 23:40:18 GMT
- request:
    method: get
    uri: https://apikey:3adb32be9b6ade5b0b6b8fc53dcfd821-us13@us13.api.mailchimp.com/3.0/lists/02526043d1/members
    body:
      encoding: US-ASCII
      string: ''
    headers:
      User-Agent:
      - Faraday v0.9.2
      Content-Type:
      - application/json
      Accept-Encoding:
      - gzip;q=1.0,deflate;q=0.6,identity;q=0.3
      Accept:
      - "*/*"
  response:
    status:
      code: 200
      message: OK
    headers:
      Server:
      - nginx
      Content-Type:
      - application/json; charset=utf-8
      X-Request-Id:
      - 0995f2bd-b58c-4e5e-a144-beace0bef195
      Link:
      - <https://us13.api.mailchimp.com/schema/3.0/Lists/Members/Collection.json>;
        rel="describedBy"
      Vary:
      - Accept-Encoding
      Content-Length:
      - '12384'
      Date:
      - Thu, 17 Mar 2016 23:40:54 GMT
      Connection:
      - keep-alive
    body:
      encoding: UTF-8
      string: '{"members":[{"id":"b642b4217b34b1e8d3bd915fc65c4452","email_address":"test@test.com","unique_email_id":"60f1005b76","email_type":"html","status":"unsubscribed","merge_fields":{"FNAME":"","LNAME":""},"stats":{"avg_open_rate":0,"avg_click_rate":0},"ip_signup":"","timestamp_signup":"","ip_opt":"24.61.11.37","timestamp_opt":"2016-03-17
        23:03:41","member_rating":2,"last_changed":"2016-03-17 23:04:43","language":"","vip":false,"email_client":"","location":{"latitude":0,"longitude":0,"gmtoff":0,"dstoff":0,"country_code":"","timezone":""},"list_id":"02526043d1","_links":[{"rel":"self","href":"https://us13.api.mailchimp.com/3.0/lists/02526043d1/members/b642b4217b34b1e8d3bd915fc65c4452","method":"GET","targetSchema":"https://us13.api.mailchimp.com/schema/3.0/Lists/Members/Instance.json"},{"rel":"parent","href":"https://us13.api.mailchimp.com/3.0/lists/02526043d1/members","method":"GET","targetSchema":"https://us13.api.mailchimp.com/schema/3.0/Lists/Members/Collection.json","schema":"https://us13.api.mailchimp.com/schema/3.0/CollectionLinks/Lists/Members.json"},{"rel":"update","href":"https://us13.api.mailchimp.com/3.0/lists/02526043d1/members/b642b4217b34b1e8d3bd915fc65c4452","method":"PATCH","schema":"https://us13.api.mailchimp.com/schema/3.0/Lists/Members/Instance.json"},{"rel":"upsert","href":"https://us13.api.mailchimp.com/3.0/lists/02526043d1/members/b642b4217b34b1e8d3bd915fc65c4452","method":"PUT","schema":"https://us13.api.mailchimp.com/schema/3.0/Lists/Members/Instance.json"},{"rel":"delete","href":"https://us13.api.mailchimp.com/3.0/lists/02526043d1/members/b642b4217b34b1e8d3bd915fc65c4452","method":"DELETE"},{"rel":"activity","href":"https://us13.api.mailchimp.com/3.0/lists/02526043d1/members/b642b4217b34b1e8d3bd915fc65c4452/activity","method":"GET","targetSchema":"https://us13.api.mailchimp.com/schema/3.0/Lists/Members/Activity/Collection.json"},{"rel":"goals","href":"https://us13.api.mailchimp.com/3.0/lists/02526043d1/members/b642b4217b34b1e8d3bd915fc65c4452/goals","method":"GET","targetSchema":"https://us13.api.mailchimp.com/schema/3.0/Lists/Members/Goals/Collection.json"},{"rel":"notes","href":"https://us13.api.mailchimp.com/3.0/lists/02526043d1/members/b642b4217b34b1e8d3bd915fc65c4452/notes","method":"GET","targetSchema":"https://us13.api.mailchimp.com/schema/3.0/Lists/Members/Notes/Collection.json"}]},{"id":"f2c97b1f2d2898cd2d6466ce95d4ba33","email_address":"test2@test.com","unique_email_id":"13328352b5","email_type":"html","status":"unsubscribed","merge_fields":{"FNAME":"","LNAME":""},"stats":{"avg_open_rate":0,"avg_click_rate":0},"ip_signup":"","timestamp_signup":"","ip_opt":"24.61.11.37","timestamp_opt":"2016-03-17
        23:10:03","member_rating":2,"last_changed":"2016-03-17 23:12:47","language":"","vip":false,"email_client":"","location":{"latitude":0,"longitude":0,"gmtoff":0,"dstoff":0,"country_code":"","timezone":""},"list_id":"02526043d1","_links":[{"rel":"self","href":"https://us13.api.mailchimp.com/3.0/lists/02526043d1/members/f2c97b1f2d2898cd2d6466ce95d4ba33","method":"GET","targetSchema":"https://us13.api.mailchimp.com/schema/3.0/Lists/Members/Instance.json"},{"rel":"parent","href":"https://us13.api.mailchimp.com/3.0/lists/02526043d1/members","method":"GET","targetSchema":"https://us13.api.mailchimp.com/schema/3.0/Lists/Members/Collection.json","schema":"https://us13.api.mailchimp.com/schema/3.0/CollectionLinks/Lists/Members.json"},{"rel":"update","href":"https://us13.api.mailchimp.com/3.0/lists/02526043d1/members/f2c97b1f2d2898cd2d6466ce95d4ba33","method":"PATCH","schema":"https://us13.api.mailchimp.com/schema/3.0/Lists/Members/Instance.json"},{"rel":"upsert","href":"https://us13.api.mailchimp.com/3.0/lists/02526043d1/members/f2c97b1f2d2898cd2d6466ce95d4ba33","method":"PUT","schema":"https://us13.api.mailchimp.com/schema/3.0/Lists/Members/Instance.json"},{"rel":"delete","href":"https://us13.api.mailchimp.com/3.0/lists/02526043d1/members/f2c97b1f2d2898cd2d6466ce95d4ba33","method":"DELETE"},{"rel":"activity","href":"https://us13.api.mailchimp.com/3.0/lists/02526043d1/members/f2c97b1f2d2898cd2d6466ce95d4ba33/activity","method":"GET","targetSchema":"https://us13.api.mailchimp.com/schema/3.0/Lists/Members/Activity/Collection.json"},{"rel":"goals","href":"https://us13.api.mailchimp.com/3.0/lists/02526043d1/members/f2c97b1f2d2898cd2d6466ce95d4ba33/goals","method":"GET","targetSchema":"https://us13.api.mailchimp.com/schema/3.0/Lists/Members/Goals/Collection.json"},{"rel":"notes","href":"https://us13.api.mailchimp.com/3.0/lists/02526043d1/members/f2c97b1f2d2898cd2d6466ce95d4ba33/notes","method":"GET","targetSchema":"https://us13.api.mailchimp.com/schema/3.0/Lists/Members/Notes/Collection.json"}]},{"id":"59c02e9fd89cfb6fa54b67e846d0631b","email_address":"test3@test.com","unique_email_id":"59e937d5a8","email_type":"html","status":"unsubscribed","merge_fields":{"FNAME":"","LNAME":""},"stats":{"avg_open_rate":0,"avg_click_rate":0},"ip_signup":"","timestamp_signup":"","ip_opt":"24.61.11.37","timestamp_opt":"2016-03-17
        23:14:29","member_rating":2,"last_changed":"2016-03-17 23:16:42","language":"","vip":false,"email_client":"","location":{"latitude":0,"longitude":0,"gmtoff":0,"dstoff":0,"country_code":"","timezone":""},"list_id":"02526043d1","_links":[{"rel":"self","href":"https://us13.api.mailchimp.com/3.0/lists/02526043d1/members/59c02e9fd89cfb6fa54b67e846d0631b","method":"GET","targetSchema":"https://us13.api.mailchimp.com/schema/3.0/Lists/Members/Instance.json"},{"rel":"parent","href":"https://us13.api.mailchimp.com/3.0/lists/02526043d1/members","method":"GET","targetSchema":"https://us13.api.mailchimp.com/schema/3.0/Lists/Members/Collection.json","schema":"https://us13.api.mailchimp.com/schema/3.0/CollectionLinks/Lists/Members.json"},{"rel":"update","href":"https://us13.api.mailchimp.com/3.0/lists/02526043d1/members/59c02e9fd89cfb6fa54b67e846d0631b","method":"PATCH","schema":"https://us13.api.mailchimp.com/schema/3.0/Lists/Members/Instance.json"},{"rel":"upsert","href":"https://us13.api.mailchimp.com/3.0/lists/02526043d1/members/59c02e9fd89cfb6fa54b67e846d0631b","method":"PUT","schema":"https://us13.api.mailchimp.com/schema/3.0/Lists/Members/Instance.json"},{"rel":"delete","href":"https://us13.api.mailchimp.com/3.0/lists/02526043d1/members/59c02e9fd89cfb6fa54b67e846d0631b","method":"DELETE"},{"rel":"activity","href":"https://us13.api.mailchimp.com/3.0/lists/02526043d1/members/59c02e9fd89cfb6fa54b67e846d0631b/activity","method":"GET","targetSchema":"https://us13.api.mailchimp.com/schema/3.0/Lists/Members/Activity/Collection.json"},{"rel":"goals","href":"https://us13.api.mailchimp.com/3.0/lists/02526043d1/members/59c02e9fd89cfb6fa54b67e846d0631b/goals","method":"GET","targetSchema":"https://us13.api.mailchimp.com/schema/3.0/Lists/Members/Goals/Collection.json"},{"rel":"notes","href":"https://us13.api.mailchimp.com/3.0/lists/02526043d1/members/59c02e9fd89cfb6fa54b67e846d0631b/notes","method":"GET","targetSchema":"https://us13.api.mailchimp.com/schema/3.0/Lists/Members/Notes/Collection.json"}]},{"id":"33ead0fffce3518ee97d59348a3708af","email_address":"test4@test.com","unique_email_id":"640d65f8a9","email_type":"html","status":"unsubscribed","merge_fields":{"FNAME":"","LNAME":""},"stats":{"avg_open_rate":0,"avg_click_rate":0},"ip_signup":"","timestamp_signup":"","ip_opt":"24.61.11.37","timestamp_opt":"2016-03-17
        23:22:47","member_rating":2,"last_changed":"2016-03-17 23:23:14","language":"","vip":false,"email_client":"","location":{"latitude":0,"longitude":0,"gmtoff":0,"dstoff":0,"country_code":"","timezone":""},"list_id":"02526043d1","_links":[{"rel":"self","href":"https://us13.api.mailchimp.com/3.0/lists/02526043d1/members/33ead0fffce3518ee97d59348a3708af","method":"GET","targetSchema":"https://us13.api.mailchimp.com/schema/3.0/Lists/Members/Instance.json"},{"rel":"parent","href":"https://us13.api.mailchimp.com/3.0/lists/02526043d1/members","method":"GET","targetSchema":"https://us13.api.mailchimp.com/schema/3.0/Lists/Members/Collection.json","schema":"https://us13.api.mailchimp.com/schema/3.0/CollectionLinks/Lists/Members.json"},{"rel":"update","href":"https://us13.api.mailchimp.com/3.0/lists/02526043d1/members/33ead0fffce3518ee97d59348a3708af","method":"PATCH","schema":"https://us13.api.mailchimp.com/schema/3.0/Lists/Members/Instance.json"},{"rel":"upsert","href":"https://us13.api.mailchimp.com/3.0/lists/02526043d1/members/33ead0fffce3518ee97d59348a3708af","method":"PUT","schema":"https://us13.api.mailchimp.com/schema/3.0/Lists/Members/Instance.json"},{"rel":"delete","href":"https://us13.api.mailchimp.com/3.0/lists/02526043d1/members/33ead0fffce3518ee97d59348a3708af","method":"DELETE"},{"rel":"activity","href":"https://us13.api.mailchimp.com/3.0/lists/02526043d1/members/33ead0fffce3518ee97d59348a3708af/activity","method":"GET","targetSchema":"https://us13.api.mailchimp.com/schema/3.0/Lists/Members/Activity/Collection.json"},{"rel":"goals","href":"https://us13.api.mailchimp.com/3.0/lists/02526043d1/members/33ead0fffce3518ee97d59348a3708af/goals","method":"GET","targetSchema":"https://us13.api.mailchimp.com/schema/3.0/Lists/Members/Goals/Collection.json"},{"rel":"notes","href":"https://us13.api.mailchimp.com/3.0/lists/02526043d1/members/33ead0fffce3518ee97d59348a3708af/notes","method":"GET","targetSchema":"https://us13.api.mailchimp.com/schema/3.0/Lists/Members/Notes/Collection.json"}]},{"id":"5268a582d75969ef479bdc61697ee04d","email_address":"contact1@test.com","unique_email_id":"1250cf46d2","email_type":"html","status":"subscribed","merge_fields":{"FNAME":"","LNAME":""},"stats":{"avg_open_rate":0,"avg_click_rate":0},"ip_signup":"","timestamp_signup":"","ip_opt":"24.61.11.37","timestamp_opt":"2016-03-17
        23:40:19","member_rating":2,"last_changed":"2016-03-17 23:40:19","language":"","vip":false,"email_client":"","location":{"latitude":0,"longitude":0,"gmtoff":0,"dstoff":0,"country_code":"","timezone":""},"list_id":"02526043d1","_links":[{"rel":"self","href":"https://us13.api.mailchimp.com/3.0/lists/02526043d1/members/5268a582d75969ef479bdc61697ee04d","method":"GET","targetSchema":"https://us13.api.mailchimp.com/schema/3.0/Lists/Members/Instance.json"},{"rel":"parent","href":"https://us13.api.mailchimp.com/3.0/lists/02526043d1/members","method":"GET","targetSchema":"https://us13.api.mailchimp.com/schema/3.0/Lists/Members/Collection.json","schema":"https://us13.api.mailchimp.com/schema/3.0/CollectionLinks/Lists/Members.json"},{"rel":"update","href":"https://us13.api.mailchimp.com/3.0/lists/02526043d1/members/5268a582d75969ef479bdc61697ee04d","method":"PATCH","schema":"https://us13.api.mailchimp.com/schema/3.0/Lists/Members/Instance.json"},{"rel":"upsert","href":"https://us13.api.mailchimp.com/3.0/lists/02526043d1/members/5268a582d75969ef479bdc61697ee04d","method":"PUT","schema":"https://us13.api.mailchimp.com/schema/3.0/Lists/Members/Instance.json"},{"rel":"delete","href":"https://us13.api.mailchimp.com/3.0/lists/02526043d1/members/5268a582d75969ef479bdc61697ee04d","method":"DELETE"},{"rel":"activity","href":"https://us13.api.mailchimp.com/3.0/lists/02526043d1/members/5268a582d75969ef479bdc61697ee04d/activity","method":"GET","targetSchema":"https://us13.api.mailchimp.com/schema/3.0/Lists/Members/Activity/Collection.json"},{"rel":"goals","href":"https://us13.api.mailchimp.com/3.0/lists/02526043d1/members/5268a582d75969ef479bdc61697ee04d/goals","method":"GET","targetSchema":"https://us13.api.mailchimp.com/schema/3.0/Lists/Members/Goals/Collection.json"},{"rel":"notes","href":"https://us13.api.mailchimp.com/3.0/lists/02526043d1/members/5268a582d75969ef479bdc61697ee04d/notes","method":"GET","targetSchema":"https://us13.api.mailchimp.com/schema/3.0/Lists/Members/Notes/Collection.json"}]}],"list_id":"02526043d1","_links":[{"rel":"self","href":"https://us13.api.mailchimp.com/3.0/lists/02526043d1/members","method":"GET","targetSchema":"https://us13.api.mailchimp.com/schema/3.0/Lists/Members/Collection.json","schema":"https://us13.api.mailchimp.com/schema/3.0/CollectionLinks/Lists/Members.json"},{"rel":"parent","href":"https://us13.api.mailchimp.com/3.0/lists/02526043d1","method":"GET","targetSchema":"https://us13.api.mailchimp.com/schema/3.0/Lists/Instance.json"},{"rel":"create","href":"https://us13.api.mailchimp.com/3.0/lists/02526043d1/members","method":"POST","schema":"https://us13.api.mailchimp.com/schema/3.0/Lists/Members/Instance.json"}],"total_items":5}'
    http_version: 
  recorded_at: Thu, 17 Mar 2016 23:40:54 GMT
recorded_with: VCR 3.0.1
